{
  "exclude": {
    "files": "^.secrets.baseline$",
    "lines": null
  },
  "generated_at": "2024-09-10T12:34:45Z",
  "plugins_used": [
    {
      "name": "AWSKeyDetector"
    },
    {
      "name": "ArtifactoryDetector"
    },
    {
      "name": "AzureStorageKeyDetector"
    },
    {
      "base64_limit": 4.5,
      "name": "Base64HighEntropyString"
    },
    {
      "name": "BasicAuthDetector"
    },
    {
      "name": "BoxDetector"
    },
    {
      "name": "CloudantDetector"
    },
    {
      "ghe_instance": "github.ibm.com",
      "name": "GheDetector"
    },
    {
      "name": "GitHubTokenDetector"
    },
    {
      "hex_limit": 3,
      "name": "HexHighEntropyString"
    },
    {
      "name": "IbmCloudIamDetector"
    },
    {
      "name": "IbmCosHmacDetector"
    },
    {
      "name": "JwtTokenDetector"
    },
    {
      "keyword_exclude": null,
      "name": "KeywordDetector"
    },
    {
      "name": "MailchimpDetector"
    },
    {
      "name": "NpmDetector"
    },
    {
      "name": "PrivateKeyDetector"
    },
    {
      "name": "SlackDetector"
    },
    {
      "name": "SoftlayerDetector"
    },
    {
      "name": "SquareOAuthDetector"
    },
    {
      "name": "StripeDetector"
    },
    {
      "name": "TwilioKeyDetector"
    }
  ],
  "results": {
    "descriptors/patterns/ibm_cp4a_cr_production_FC_bai.yaml": [
      {
        "hashed_secret": "ccefe645220af92ec216e219840d15365c9d5262",
        "is_secret": false,
        "is_verified": false,
        "line_number": 69,
        "type": "Secret Keyword",
        "verified_result": null
      },
      {
        "hashed_secret": "b2cc0b3d61540278e86684fca0e6feefc6e8f785",
        "is_secret": false,
        "is_verified": false,
        "line_number": 162,
        "type": "Secret Keyword",
        "verified_result": null
      }
    ],
    "descriptors/patterns/ibm_cp4a_cr_production_bai.yaml": [
      {
        "hashed_secret": "ccefe645220af92ec216e219840d15365c9d5262",
        "is_secret": false,
        "is_verified": false,
        "line_number": 62,
        "type": "Secret Keyword",
        "verified_result": null
      },
      {
        "hashed_secret": "b2cc0b3d61540278e86684fca0e6feefc6e8f785",
        "is_secret": false,
        "is_verified": false,
        "line_number": 151,
        "type": "Secret Keyword",
        "verified_result": null
      }
    ],
    "notices": [
      {
        "hashed_secret": "b8eb63047ee17f77c09531429c37e780a98ae4ef",
        "is_secret": false,
        "is_verified": false,
        "line_number": 3019,
        "type": "Secret Keyword",
        "verified_result": null
      },
      {
        "hashed_secret": "a67163bdce9aab68f699f0dfae14a725bb5023d4",
        "is_secret": false,
        "is_verified": false,
        "line_number": 3022,
        "type": "Secret Keyword",
        "verified_result": null
      }
    ],
    "scripts/bai-clusteradmin-setup.sh": [
      {
        "hashed_secret": "df58248c414f342c81e056b40bee12d17a08bf61",
        "is_secret": false,
        "is_verified": false,
        "line_number": 1516,
        "type": "Secret Keyword",
        "verified_result": null
      }
    ],
    "scripts/bai-prerequisites.sh": [
      {
        "hashed_secret": "98ee3b54f585e015dd9a9664a9ee4a5581d16ce1",
        "is_secret": false,
        "is_verified": false,
        "line_number": 328,
        "type": "Secret Keyword",
        "verified_result": null
      },
      {
        "hashed_secret": "442edd08f78b39cfcfe765d72050fe4953ef0b53",
        "is_secret": false,
        "is_verified": false,
        "line_number": 432,
        "type": "Secret Keyword",
        "verified_result": null
      },
      {
        "hashed_secret": "c868f2b28a6187cd9bf511daa9a012c947dcee99",
        "is_secret": false,
        "is_verified": false,
        "line_number": 1207,
        "type": "Secret Keyword",
        "verified_result": null
      },
      {
        "hashed_secret": "5f2f207531263d39bf0607f13b092d6a48697dd6",
        "is_secret": false,
        "is_verified": false,
        "line_number": 1287,
        "type": "Secret Keyword",
        "verified_result": null
      }
    ],
    "scripts/cpfs/installer_scripts/backup_preload_mongo.sh": [
      {
        "hashed_secret": "02f8c57c06e6c45c385f15322ddb442dd36c4fcf",
        "is_secret": false,
        "is_verified": false,
        "line_number": 883,
        "type": "Secret Keyword",
        "verified_result": null
      },
      {
        "hashed_secret": "60abf22230daba6355bd912ce75c9c9ee03a60db",
        "is_secret": false,
        "is_verified": false,
        "line_number": 888,
        "type": "Secret Keyword",
        "verified_result": null
      },
      {
        "hashed_secret": "058bf5211ff7e3c62ba70131c9d27b0447d46307",
        "is_secret": false,
        "is_verified": false,
        "line_number": 918,
        "type": "Secret Keyword",
        "verified_result": null
      },
      {
        "hashed_secret": "00c33fae362f8ba82f3d4ea54b7767ccd8a62ab8",
        "is_secret": false,
        "is_verified": false,
        "line_number": 919,
        "type": "Secret Keyword",
        "verified_result": null
      },
      {
        "hashed_secret": "7f69121db7290c678ca0a7ce4069ab06e7148f7b",
        "is_secret": true,
        "is_verified": false,
        "line_number": 1424,
        "type": "Secret Keyword",
        "verified_result": null
      }
    ],
    "scripts/cpfs/installer_scripts/cert-manager.yaml": [
      {
        "hashed_secret": "11f0b6aad889e6e3d00a24835dbbd060fcd0ca4d",
        "is_secret": false,
        "is_verified": false,
        "line_number": 1060,
        "type": "Secret Keyword",
        "verified_result": null
      }
    ],
    "scripts/cpfs/installer_scripts/preload_data.sh": [
      {
        "hashed_secret": "02f8c57c06e6c45c385f15322ddb442dd36c4fcf",
        "is_secret": false,
        "is_verified": false,
        "line_number": 883,
        "type": "Secret Keyword",
        "verified_result": null
      },
      {
        "hashed_secret": "60abf22230daba6355bd912ce75c9c9ee03a60db",
        "is_secret": false,
        "is_verified": false,
        "line_number": 888,
        "type": "Secret Keyword",
        "verified_result": null
      },
      {
        "hashed_secret": "058bf5211ff7e3c62ba70131c9d27b0447d46307",
        "is_secret": false,
        "is_verified": false,
        "line_number": 918,
        "type": "Secret Keyword",
        "verified_result": null
      },
      {
        "hashed_secret": "00c33fae362f8ba82f3d4ea54b7767ccd8a62ab8",
        "is_secret": false,
        "is_verified": false,
        "line_number": 919,
        "type": "Secret Keyword",
        "verified_result": null
      },
      {
        "hashed_secret": "7f69121db7290c678ca0a7ce4069ab06e7148f7b",
        "is_secret": true,
        "is_verified": false,
        "line_number": 1424,
        "type": "Secret Keyword",
        "verified_result": null
      }
    ],
    "scripts/cpfs/installer_scripts/velero/schedule/zen4-br-scripts.yaml": [
      {
        "hashed_secret": "8fc970e80bc248848ca3b9603f73eeb1fdfa4d58",
        "is_secret": false,
        "is_verified": false,
        "line_number": 380,
        "type": "Secret Keyword",
        "verified_result": null
      }
    ],
    "scripts/cpfs/installer_scripts/velero/schedule/zen5-br-scripts-cm.yaml": [
      {
        "hashed_secret": "8fc970e80bc248848ca3b9603f73eeb1fdfa4d58",
        "is_secret": false,
        "is_verified": false,
        "line_number": 481,
        "type": "Secret Keyword",
        "verified_result": null
      }
    ],
    "scripts/helper/bai-secret.sh": [
      {
        "hashed_secret": "b79a1fea1b2210703a49d09064ee6249b3ed2557",
        "is_secret": false,
        "is_verified": false,
        "line_number": 58,
        "type": "Secret Keyword",
        "verified_result": null
      },
      {
        "hashed_secret": "1166d03dee987b2a89d392c41b385ba490d0a874",
        "is_secret": false,
        "is_verified": false,
        "line_number": 171,
        "type": "Secret Keyword",
        "verified_result": null
      },
      {
        "hashed_secret": "d372669f673ed2cae660a7c994a7f7e80e5014a1",
        "is_secret": false,
        "is_verified": false,
        "line_number": 173,
        "type": "Secret Keyword",
        "verified_result": null
      },
      {
        "hashed_secret": "20a47b8dc9d4950cb2c03d3e79d3fe35e1aef109",
        "is_secret": false,
        "is_verified": false,
        "line_number": 272,
        "type": "Secret Keyword",
        "verified_result": null
      },
      {
        "hashed_secret": "07313f0e320f22cbfa35cfc220508eb3ff457c7e",
        "is_secret": true,
        "is_verified": false,
        "line_number": 304,
        "type": "Secret Keyword",
        "verified_result": null
      },
      {
        "hashed_secret": "d0e909ad6f61e65dd7e4a9c144264ae96bc8bd3d",
        "is_secret": false,
        "is_verified": false,
        "line_number": 357,
        "type": "Secret Keyword",
        "verified_result": null
      },
      {
        "hashed_secret": "5dac0618eefc6c275f32f490e8a19491bfa75583",
        "is_secret": false,
        "is_verified": false,
        "line_number": 359,
        "type": "Secret Keyword",
        "verified_result": null
      },
      {
        "hashed_secret": "9236b0334ec646e7b04ead78147040898d69fd35",
        "is_secret": false,
        "is_verified": false,
        "line_number": 361,
        "type": "Secret Keyword",
        "verified_result": null
      },
      {
        "hashed_secret": "f1bd98966f2e8c944cd3709477313758853d9278",
        "is_secret": false,
        "is_verified": false,
        "line_number": 362,
        "type": "Secret Keyword",
        "verified_result": null
      },
      {
        "hashed_secret": "e83eaaa48c11418a8cd2eb3ed2bbd8cf5b7fbc7f",
        "is_secret": false,
        "is_verified": false,
        "line_number": 363,
        "type": "Secret Keyword",
        "verified_result": null
      },
      {
        "hashed_secret": "07324cc1ecf4630ffd4dc6d6676739939a7577c5",
        "is_secret": false,
        "is_verified": false,
        "line_number": 554,
        "type": "Basic Auth Credentials",
        "verified_result": null
      },
      {
        "hashed_secret": "1a70e90515ef1357abd3531dead4b53b6eba959f",
        "is_secret": false,
        "is_verified": false,
        "line_number": 679,
        "type": "Secret Keyword",
        "verified_result": null
      },
      {
        "hashed_secret": "ccd586aae51336eb78f227656052cd1b0bcb5da2",
        "is_secret": false,
        "is_verified": false,
        "line_number": 764,
        "type": "Secret Keyword",
        "verified_result": null
      },
      {
        "hashed_secret": "07d27a8b4dd120caef6f1879b3edba4fc0617de2",
        "is_secret": false,
        "is_verified": false,
        "line_number": 825,
        "type": "Secret Keyword",
        "verified_result": null
      },
      {
        "hashed_secret": "068cd2da3ecd0c64f515fccc21090e8db93b0d6d",
        "is_secret": false,
        "is_verified": false,
        "line_number": 869,
        "type": "Basic Auth Credentials",
        "verified_result": null
      }
    ],
    "scripts/helper/bai-verification.sh": [
      {
        "hashed_secret": "07313f0e320f22cbfa35cfc220508eb3ff457c7e",
        "is_secret": false,
        "is_verified": false,
        "line_number": 108,
        "type": "Secret Keyword",
        "verified_result": null
      }
    ],
    "scripts/helper/post-install/env.sh": [
      {
        "hashed_secret": "d08f88df745fa7950b104e4a707a31cfce7b5841",
        "is_secret": false,
        "is_verified": false,
        "line_number": 39,
        "type": "Secret Keyword",
        "verified_result": null
      },
      {
        "hashed_secret": "6d7582694cabca245c9902b2525c7c5552981c8a",
        "is_secret": false,
        "is_verified": false,
        "line_number": 73,
        "type": "Secret Keyword",
        "verified_result": null
      }
    ],
    "scripts/helper/post-install/services/ads.sh": [
      {
        "hashed_secret": "ff1b0b84868e94a30e493c95b7079d886733b354",
        "is_secret": false,
        "is_verified": false,
        "line_number": 142,
        "type": "Secret Keyword",
        "verified_result": null
      }
    ],
    "scripts/helper/post-install/services/baa.sh": [
      {
        "hashed_secret": "ff1b0b84868e94a30e493c95b7079d886733b354",
        "is_secret": false,
        "is_verified": false,
        "line_number": 46,
        "type": "Secret Keyword",
        "verified_result": null
      }
    ],
    "scripts/helper/post-install/services/baml.sh": [
      {
        "hashed_secret": "ff1b0b84868e94a30e493c95b7079d886733b354",
        "is_secret": false,
        "is_verified": false,
        "line_number": 51,
        "type": "Secret Keyword",
        "verified_result": null
      }
    ],
    "scripts/helper/post-install/services/bastudio.sh": [
      {
        "hashed_secret": "ff1b0b84868e94a30e493c95b7079d886733b354",
        "is_secret": false,
        "is_verified": false,
        "line_number": 44,
        "type": "Secret Keyword",
        "verified_result": null
      }
    ],
    "scripts/helper/post-install/services/baw.sh": [
      {
        "hashed_secret": "ff1b0b84868e94a30e493c95b7079d886733b354",
        "is_secret": false,
        "is_verified": false,
        "line_number": 124,
        "type": "Secret Keyword",
        "verified_result": null
      }
    ],
    "scripts/helper/post-install/services/filenet.sh": [
      {
        "hashed_secret": "ff1b0b84868e94a30e493c95b7079d886733b354",
        "is_secret": false,
        "is_verified": false,
        "line_number": 34,
        "type": "Secret Keyword",
        "verified_result": null
      }
    ],
    "scripts/helper/post-install/services/navigator.sh": [
      {
        "hashed_secret": "ff1b0b84868e94a30e493c95b7079d886733b354",
        "is_secret": false,
        "is_verified": false,
        "line_number": 29,
        "type": "Secret Keyword",
        "verified_result": null
      }
    ],
    "scripts/helper/post-install/services/odm.sh": [
      {
        "hashed_secret": "ff1b0b84868e94a30e493c95b7079d886733b354",
        "is_secret": false,
        "is_verified": false,
        "line_number": 28,
        "type": "Secret Keyword",
        "verified_result": null
      }
    ]
  },
  "version": "0.13.1+ibm.62.dss",
  "word_list": {
    "file": null,
    "hash": null
  }
}
