# Start to validate the parameters passed into script... 
[✔] oc command available
[✔] /Users/varunsriram/Documents/Work/CloudPak/CodeRepos/cert-kubernetes-bai/scripts/cpfs/yq/macos/yq command available
[✔] oc command logged in as kube:admin
[✔] Channel v4.12 is valid
[INFO] ibm-common-service-operator subscription exists, it is upgrade scenario

[✗] It is simple namespace topology

[✔] Profile size is valid.
# Validate CatalogSource for operator ibm-common-service-operator in bai24 namespace
[✔] CatalogSource ibm-cs-install-catalog-v4-12-0 from bai24 CatalogSourceNamespace is available for ibm-common-service-operator in bai24 namespace

# Checking whether Namespace bai24 exist...
[✔] Namespace bai24 already exists. Skip creating

# Checking whether Namespace bai24 exist...
[✔] Namespace bai24 already exists. Skip creating

# Checking whether OperatorGroup in bai24 exist...
[✔] OperatorGroup already exists in bai24. Skip creating

#  Checking whether Cert Manager exist...
#  Smoke test for Cert Manager existence...
[DEBUG] Creating Issuer test-issuer in namespace bai24 .
[INFO] Creating following issuer:

apiVersion: cert-manager.io/v1
kind: Issuer
metadata:
  name: test-issuer
  namespace: bai24
spec:
  selfSigned: {}

issuer.cert-manager.io/test-issuer created
[DEBUG] Creating Certificate test-certificate in namespace bai24 .
[INFO] Creating following certificate:

apiVersion: cert-manager.io/v1
kind: Certificate
metadata:
  name: test-certificate
  namespace: bai24
spec:
  commonName: test-certificate
  issuerRef:
    kind: Issuer
    name: test-issuer
  secretName: test-certificate-secret

certificate.cert-manager.io/test-certificate created
[INFO] Waiting for Issuer test-issuer in namespace bai24 to be Ready
[✔] Issuer test-issuer in namespace bai24 is Ready

[INFO] Waiting for Certificate test-certificate in namespace bai24 to be Ready
[✔] Certificate test-certificate in namespace bai24 is Ready

[INFO] Deleting test-issuer Issuer ...
issuer.cert-manager.io "test-issuer" deleted

[INFO] Deleting test-certificate Certificate ...
certificate.cert-manager.io "test-certificate" deleted

[INFO] Deleting 96814secret_name Secret ...
secret "test-certificate-secret" deleted

#  Checking IBMLicensing...
[✗] NamespaceScope Configuration is not needed for simple or all namespaces topology, skip NamespaceScope setup

# Installing IBM Foundational services operator into operator namespace bai24...
# Checking if CommonService CRD exists in the cluster...
[INFO] CommonService CRD exist

# Configuring CommonService CR in bai24...
[INFO] Configuring CommonService CR common-service in bai24

apiVersion: operator.ibm.com/v3
kind: CommonService
metadata:
  annotations:
    version: "-1"
  labels:
    app.kubernetes.io/component: Operator
    app.kubernetes.io/instance: bai
    app.kubernetes.io/managed-by: Operator
    app.kubernetes.io/name: bai-cp4ba
    app.kubernetes.io/version: 24.0.1
    foundationservices.cloudpak.ibm.com: commonservice
    release: 24.0.1
  name: common-service
  namespace: bai24
spec:
  license:
    accept: true
  operatorNamespace: bai24
  servicesNamespace: bai24
  size: small
  storageClass: csi-cephfs
status:
  bedrockOperators:
    - installPlanName: install-cpvgt
      name: ibm-iam-operator
      operatorStatus: Succeeded
      subscriptionStatus: Succeeded
      version: v4.10.0
    - installPlanName: install-c8xfn
      name: ibm-zen-operator
      operatorStatus: Succeeded
      subscriptionStatus: Succeeded
      version: v6.1.2
    - installPlanName: install-j22gj
      name: ibm-events-operator
      operatorStatus: Succeeded
      subscriptionStatus: Succeeded
      version: v5.0.1
    - installPlanName: install-jkr4g
      name: cloud-native-postgresql
      operatorStatus: Succeeded
      subscriptionStatus: Succeeded
      version: v1.22.7
    - installPlanName: install-ntpzc
      name: ibm-bts-operator
      operatorStatus: Succeeded
      subscriptionStatus: Succeeded
      version: v3.35.1
    - installPlanName: install-4wsgc
      name: ibm-elasticsearch-operator
      operatorStatus: Succeeded
      subscriptionStatus: Succeeded
      version: v1.1.2470
    - installPlanName: install-c8xfn
      name: ibm-opencontent-flink
      operatorStatus: Succeeded
      subscriptionStatus: Succeeded
      version: v2.0.8
  conditions:
    - lastTransitionTime: "2025-04-01T04:54:59Z"
      lastUpdateTime: "2025-04-01T04:54:59Z"
      message: reconciling CommonService CR.
      reason: StartReconciling
      status: "False"
      type: Reconciling
    - lastTransitionTime: "2025-04-01T05:17:21Z"
      lastUpdateTime: "2025-04-01T05:17:21Z"
      message: 'initializing/updating: waiting for OperandRegistry and OperandConfig to become ready.'
      reason: UpdatingResources
      status: "False"
      type: Pending
    - lastTransitionTime: "2025-04-01T05:17:52Z"
      lastUpdateTime: "2025-04-01T05:17:52Z"
      message: configuring CommonService CR.
      reason: Configuring
      status: "False"
      type: Reconciling
    - lastTransitionTime: "2025-04-01T05:17:52Z"
      lastUpdateTime: "2025-04-01T05:17:52Z"
      message: CommonService CR is ready.
      reason: ReconcileSucceeded
      status: "True"
      type: Ready
  configStatus:
    catalogName: ibm-cs-install-catalog-v4-11-0
    catalogNamespace: bai24
    configurable: true
    operatorDeployed: true
    operatorNamespace: bai24
    servicesDeployed: true
    servicesNamespace: bai24
    topologyConfigurableCRs:
      - apiVersion: operator.ibm.com/v3
        kind: CommonService
        namespace: bai24
        objectName: common-service
  overallStatus: Succeeded
  phase: Succeeded

pod/ibm-common-service-operator-64676c6cd8-qrvbz condition met
[DEBUG] ibm-common-service-operator pod is ready

Warning: resource commonservices/common-service is missing the kubectl.kubernetes.io/last-applied-configuration annotation which is required by oc apply. oc apply should only be used on resources created declaratively by either oc create --save-config or oc apply. The missing annotation will be patched automatically.
commonservice.operator.ibm.com/common-service configured
[✔] Successfully patched CommonService CR in bai24
# Checking whether IBM Common Service operator exist...
[INFO] There is an ibm-common-service-operator Subscription already

# Updating ibm-common-service-operator-v4.11-ibm-cs-install-catalog-v4-11-0-bai24 in namesapce bai24...
[INFO] v4.11 is less than v4.12
[INFO] catalogsource ibm-cs-install-catalog-v4-11-0 is different from ibm-cs-install-catalog-v4-12-0
[INFO] ibm-common-service-operator is ready for updating the subscription.
subscription.operators.coreos.com/ibm-common-service-operator-v4.11-ibm-cs-install-catalog-v4-11-0-bai24 configured
[✔] Successfully patched subscription ibm-common-service-operator in bai24
[INFO] Waiting for operator ibm-common-service-operator to be upgraded
[DEBUG] oc get subscription.operators.coreos.com -l operators.coreos.com/ibm-common-service-operator.bai24='' -n bai24 -o jsonpath='{.items[*].status.conditions}' -> 
[{"lastTransitionTime":"2025-04-01T15:43:44Z","message":"all available catalogsources are healthy","reason":"AllCatalogSourcesHealthy","status":"False","type":"CatalogSourcesUnhealthy"},{"lastTransitionTime":"2025-04-01T06:33:33Z","reason":"ReferencedInstallPlanNotFound","status":"True","type":"InstallPlanMissing"},{"reason":"UnpackingInProgress","status":"True","type":"BundleUnpacking"}]

[INFO] RETRYING: Waiting for operator ibm-common-service-operator to be upgraded (120 left)
[✔] Operator ibm-common-service-operator is upgraded to latest version in channel v4.12

[INFO] Waiting for operator ibm-common-service-operator CSV in namespace bai24 to be bound to Subscription
[✔] Operator ibm-common-service-operator CSV in namespace bai24 is bound to Subscription

[INFO] Waiting for operator ibm-common-service-operator in namespace bai24 to become available
[INFO] RETRYING: Waiting for operator ibm-common-service-operator in namespace bai24 to become available (50 left)
[INFO] RETRYING: Waiting for operator ibm-common-service-operator in namespace bai24 to become available (49 left)
[INFO] RETRYING: Waiting for operator ibm-common-service-operator in namespace bai24 to become available (48 left)
[INFO] RETRYING: Waiting for operator ibm-common-service-operator in namespace bai24 to become available (47 left)
[INFO] RETRYING: Waiting for operator ibm-common-service-operator in namespace bai24 to become available (46 left)
[INFO] RETRYING: Waiting for operator ibm-common-service-operator in namespace bai24 to become available (45 left)
[✔] Operator ibm-common-service-operator in namespace bai24 is available

# Accepting license for commonservice common-service in namespace bai24...
[✔] License accepted for commonservice common-service

[INFO] Waiting for operator ibm-odlm CSV in namespace bai24 to be bound to Subscription
[✔] Operator ibm-odlm CSV in namespace bai24 is bound to Subscription

[INFO] Waiting for operator operand-deployment-lifecycle-manager in namespace bai24 to become available
[✔] Operator operand-deployment-lifecycle-manager in namespace bai24 is available

[INFO] Waiting for CommonService CR common-service in bai24 to be ready
[INFO] RETRYING: Waiting for CommonService CR common-service in bai24 to be ready (150 left)
[INFO] RETRYING: Waiting for CommonService CR common-service in bai24 to be ready (149 left)
[INFO] RETRYING: Waiting for CommonService CR common-service in bai24 to be ready (148 left)
[INFO] RETRYING: Waiting for CommonService CR common-service in bai24 to be ready (147 left)
[INFO] RETRYING: Waiting for CommonService CR common-service in bai24 to be ready (146 left)
[INFO] RETRYING: Waiting for CommonService CR common-service in bai24 to be ready (145 left)
[INFO] RETRYING: Waiting for CommonService CR common-service in bai24 to be ready (144 left)
[INFO] RETRYING: Waiting for CommonService CR common-service in bai24 to be ready (143 left)
[✔] CommonService CR in bai24 is in Succeeded Phase

