# Start to validate the parameters passed into script... 
[✔] oc command available
[✔] /Users/varunsriram/Documents/Work/CloudPak/CodeRepos/cert-kubernetes-bai/scripts/cpfs/yq/macos/yq command available
[✔] oc command logged in as kube:admin
[✔] Channel v4.11 is valid
[INFO] ibm-common-service-operator subscription exists, it is upgrade scenario

[✗] It is simple namespace topology

[✔] Profile size is valid.
# Validate CatalogSource for operator ibm-common-service-operator in bais2401 namespace
[✔] CatalogSource ibm-cs-install-catalog-v4-11-0 from bais2401 CatalogSourceNamespace is available for ibm-common-service-operator in bais2401 namespace

# Checking whether Namespace bais2401 exist...
[✔] Namespace bais2401 already exists. Skip creating

# Checking whether Namespace bais2401 exist...
[✔] Namespace bais2401 already exists. Skip creating

# Checking whether OperatorGroup in bais2401 exist...
[✔] OperatorGroup already exists in bais2401. Skip creating

#  Checking whether Cert Manager exist...
#  Smoke test for Cert Manager existence...
[DEBUG] Creating Issuer test-issuer in namespace bais2401 .
[INFO] Creating following issuer:

apiVersion: cert-manager.io/v1
kind: Issuer
metadata:
  name: test-issuer
  namespace: bais2401
spec:
  selfSigned: {}

issuer.cert-manager.io/test-issuer created
[DEBUG] Creating Certificate test-certificate in namespace bais2401 .
[INFO] Creating following certificate:

apiVersion: cert-manager.io/v1
kind: Certificate
metadata:
  name: test-certificate
  namespace: bais2401
spec:
  commonName: test-certificate
  issuerRef:
    kind: Issuer
    name: test-issuer
  secretName: test-certificate-secret

certificate.cert-manager.io/test-certificate created
[INFO] Waiting for Issuer test-issuer in namespace bais2401 to be Ready
[✔] Issuer test-issuer in namespace bais2401 is Ready

[INFO] Waiting for Certificate test-certificate in namespace bais2401 to be Ready
[✔] Certificate test-certificate in namespace bais2401 is Ready

[INFO] Deleting test-issuer Issuer ...
issuer.cert-manager.io "test-issuer" deleted

[INFO] Deleting test-certificate Certificate ...
certificate.cert-manager.io "test-certificate" deleted

[INFO] Deleting 95047secret_name Secret ...
secret "test-certificate-secret" deleted

#  Checking IBMLicensing...
[✗] NamespaceScope Configuration is not needed for simple or all namespaces topology, skip NamespaceScope setup

# Installing IBM Foundational services operator into operator namespace bais2401...
# Checking if CommonService CRD exists in the cluster...
[INFO] CommonService CRD exist

# Configuring CommonService CR in bais2401...
[INFO] Configuring CommonService CR common-service in bais2401

apiVersion: operator.ibm.com/v3
kind: CommonService
metadata:
  labels:
    app.kubernetes.io/component: Operator
    app.kubernetes.io/instance: bai
    app.kubernetes.io/managed-by: Operator
    app.kubernetes.io/name: bai-cp4ba
    app.kubernetes.io/version: 24.0.1
    release: 24.0.1
  name: common-service
  namespace: bais2401
  ownerReferences:
    - apiVersion: bai.ibm.com/v1
      kind: Foundation
      name: bai
      uid: 188d0716-3e57-4d04-b0cd-354f2ed8f90e
spec:
  license:
    accept: true
  operatorNamespace: bais2401
  servicesNamespace: bais2401
  size: small
  storageClass: csi-cephfs
status:
  bedrockOperators:
    - installPlanName: install-c2hn4
      name: ibm-iam-operator
      operatorStatus: Succeeded
      subscriptionStatus: Succeeded
      version: v4.9.0
    - installPlanName: install-c2hn4
      name: ibm-zen-operator
      operatorStatus: Succeeded
      subscriptionStatus: Succeeded
      version: v6.1.0
    - installPlanName: install-fxj29
      name: ibm-events-operator
      operatorStatus: Succeeded
      subscriptionStatus: Succeeded
      version: v5.1.0
    - installPlanName: install-zv6d4
      name: cloud-native-postgresql
      operatorStatus: Succeeded
      subscriptionStatus: Succeeded
      version: v1.22.7
    - installPlanName: install-wdkrr
      name: ibm-bts-operator
      operatorStatus: Succeeded
      subscriptionStatus: Succeeded
      version: v3.35.1
    - installPlanName: install-mv54l
      name: ibm-elasticsearch-operator
      operatorStatus: Succeeded
      subscriptionStatus: Succeeded
      version: v1.1.2470
    - installPlanName: install-ch68f
      name: ibm-opencontent-flink
      operatorStatus: Succeeded
      subscriptionStatus: Succeeded
      version: v2.0.4
  conditions:
    - lastTransitionTime: "2025-02-11T00:12:07Z"
      lastUpdateTime: "2025-02-11T00:12:07Z"
      message: reconciling CommonService CR.
      reason: StartReconciling
      status: "False"
      type: Reconciling
    - lastTransitionTime: "2025-02-11T00:18:43Z"
      lastUpdateTime: "2025-02-11T00:18:43Z"
      message: 'initializing/updating: waiting for OperandRegistry and OperandConfig to become ready.'
      reason: UpdatingResources
      status: "False"
      type: Pending
    - lastTransitionTime: "2025-02-11T00:19:11Z"
      lastUpdateTime: "2025-02-11T00:19:11Z"
      message: configuring CommonService CR.
      reason: Configuring
      status: "False"
      type: Reconciling
    - lastTransitionTime: "2025-02-11T00:19:11Z"
      lastUpdateTime: "2025-02-11T00:19:11Z"
      message: CommonService CR is ready.
      reason: ReconcileSucceeded
      status: "True"
      type: Ready
  configStatus:
    catalogName: ibm-cs-install-catalog-v4-10-0
    catalogNamespace: bais2401
    configurable: true
    operatorDeployed: true
    operatorNamespace: bais2401
    servicesDeployed: true
    servicesNamespace: bais2401
    topologyConfigurableCRs:
      - apiVersion: operator.ibm.com/v3
        kind: CommonService
        namespace: bais2401
        objectName: common-service
  overallStatus: Succeeded
  phase: Succeeded

pod/ibm-common-service-operator-94f478db-m4qgg condition met
[DEBUG] ibm-common-service-operator pod is ready

Warning: resource commonservices/common-service is missing the kubectl.kubernetes.io/last-applied-configuration annotation which is required by oc apply. oc apply should only be used on resources created declaratively by either oc create --save-config or oc apply. The missing annotation will be patched automatically.
commonservice.operator.ibm.com/common-service configured
[✔] Successfully patched CommonService CR in bais2401
# Checking whether IBM Common Service operator exist...
[INFO] There is an ibm-common-service-operator Subscription already

# Updating ibm-common-service-operator-v4.9-ibm-cs-install-catalog-v4-9-0-bais2401 in namesapce bais2401...
[INFO] v4.10 is less than v4.11
[INFO] catalogsource ibm-cs-install-catalog-v4-10-0 is different from ibm-cs-install-catalog-v4-11-0
[INFO] ibm-common-service-operator is ready for updating the subscription.
subscription.operators.coreos.com/ibm-common-service-operator-v4.9-ibm-cs-install-catalog-v4-9-0-bais2401 configured
[✔] Successfully patched subscription ibm-common-service-operator in bais2401
[INFO] Waiting for operator ibm-common-service-operator to be upgraded
[DEBUG] oc get subscription.operators.coreos.com -l operators.coreos.com/ibm-common-service-operator.bais2401='' -n bais2401 -o jsonpath='{.items[*].status.conditions}' -> 
[{"lastTransitionTime":"2025-02-11T00:12:13Z","message":"all available catalogsources are healthy","reason":"AllCatalogSourcesHealthy","status":"False","type":"CatalogSourcesUnhealthy"},{"lastTransitionTime":"2025-02-11T00:46:39Z","reason":"ReferencedInstallPlanNotFound","status":"True","type":"InstallPlanMissing"},{"reason":"UnpackingInProgress","status":"True","type":"BundleUnpacking"}]

[INFO] RETRYING: Waiting for operator ibm-common-service-operator to be upgraded (120 left)
[✔] Operator ibm-common-service-operator is upgraded to latest version in channel v4.11

[INFO] Waiting for operator ibm-common-service-operator CSV in namespace bais2401 to be bound to Subscription
[✔] Operator ibm-common-service-operator CSV in namespace bais2401 is bound to Subscription

[INFO] Waiting for operator ibm-common-service-operator in namespace bais2401 to become available
[INFO] RETRYING: Waiting for operator ibm-common-service-operator in namespace bais2401 to become available (50 left)
[INFO] RETRYING: Waiting for operator ibm-common-service-operator in namespace bais2401 to become available (49 left)
[✔] Operator ibm-common-service-operator in namespace bais2401 is available

# Accepting license for commonservice common-service in namespace bais2401...
[✔] License accepted for commonservice common-service

[INFO] Waiting for operator ibm-odlm CSV in namespace bais2401 to be bound to Subscription
[✔] Operator ibm-odlm CSV in namespace bais2401 is bound to Subscription

[INFO] Waiting for operator operand-deployment-lifecycle-manager in namespace bais2401 to become available
[✔] Operator operand-deployment-lifecycle-manager in namespace bais2401 is available

[INFO] Waiting for CommonService CR common-service in bais2401 to be ready
[INFO] RETRYING: Waiting for CommonService CR common-service in bais2401 to be ready (100 left)
[INFO] RETRYING: Waiting for CommonService CR common-service in bais2401 to be ready (99 left)
[INFO] RETRYING: Waiting for CommonService CR common-service in bais2401 to be ready (98 left)
[INFO] RETRYING: Waiting for CommonService CR common-service in bais2401 to be ready (97 left)
[INFO] RETRYING: Waiting for CommonService CR common-service in bais2401 to be ready (96 left)
[INFO] RETRYING: Waiting for CommonService CR common-service in bais2401 to be ready (95 left)
[INFO] RETRYING: Waiting for CommonService CR common-service in bais2401 to be ready (94 left)
[INFO] RETRYING: Waiting for CommonService CR common-service in bais2401 to be ready (93 left)
[INFO] RETRYING: Waiting for CommonService CR common-service in bais2401 to be ready (92 left)
[✔] CommonService CR in bais2401 is in Succeeded Phase

