# Start to validate the parameters passed into script... 
[✔] oc command available
[✔] /Users/varunsriram/Documents/Work/CloudPak/CodeRepos/cert-kubernetes-bai/scripts/cpfs/yq/macos/yq command available
[✔] oc command logged in as kube:admin
[✔] Channel v4.10 is valid
[INFO] ibm-common-service-operator subscription exists, it is upgrade scenario

[✗] It is simple namespace topology

[✔] Profile size is valid.
# Validate CatalogSource for operator ibm-common-service-operator in baisupgrade namespace
[✔] CatalogSource ibm-cs-install-catalog-v4-10-0 from baisupgrade CatalogSourceNamespace is available for ibm-common-service-operator in baisupgrade namespace

# Checking whether Namespace baisupgrade exist...
[✔] Namespace baisupgrade already exists. Skip creating

# Checking whether Namespace baisupgrade exist...
[✔] Namespace baisupgrade already exists. Skip creating

# Checking whether OperatorGroup in baisupgrade exist...
[✔] OperatorGroup already exists in baisupgrade. Skip creating

#  Checking whether Cert Manager exist...
#  Smoke test for Cert Manager existence...
[DEBUG] Creating Issuer test-issuer in namespace baisupgrade .
[INFO] Creating following issuer:

apiVersion: cert-manager.io/v1
kind: Issuer
metadata:
  name: test-issuer
  namespace: baisupgrade
spec:
  selfSigned: {}

issuer.cert-manager.io/test-issuer created
[DEBUG] Creating Certificate test-certificate in namespace baisupgrade .
[INFO] Creating following certificate:

apiVersion: cert-manager.io/v1
kind: Certificate
metadata:
  name: test-certificate
  namespace: baisupgrade
spec:
  commonName: test-certificate
  issuerRef:
    kind: Issuer
    name: test-issuer
  secretName: test-certificate-secret

certificate.cert-manager.io/test-certificate created
[INFO] Waiting for Issuer test-issuer in namespace baisupgrade to be Ready
[✔] Issuer test-issuer in namespace baisupgrade is Ready

[INFO] Waiting for Certificate test-certificate in namespace baisupgrade to be Ready
[✔] Certificate test-certificate in namespace baisupgrade is Ready

[INFO] Deleting test-issuer Issuer ...
issuer.cert-manager.io "test-issuer" deleted

[INFO] Deleting test-certificate Certificate ...
certificate.cert-manager.io "test-certificate" deleted

[INFO] Deleting 17639secret_name Secret ...
secret "test-certificate-secret" deleted

#  Checking IBMLicensing...
[✗] NamespaceScope Configuration is not needed for simple or all namespaces topology, skip NamespaceScope setup

# Installing IBM Foundational services operator into operator namespace baisupgrade...
# Checking if CommonService CRD exists in the cluster...
[INFO] CommonService CRD exist

# Configuring CommonService CR in baisupgrade...
[INFO] Configuring CommonService CR common-service in baisupgrade

apiVersion: operator.ibm.com/v3
kind: CommonService
metadata:
  annotations:
    version: "-1"
  labels:
    app.kubernetes.io/component: Operator
    app.kubernetes.io/instance: bai
    app.kubernetes.io/managed-by: Operator
    app.kubernetes.io/name: bai-cp4ba
    app.kubernetes.io/version: 24.0.0
    foundationservices.cloudpak.ibm.com: commonservice
    release: 24.0.0
  name: common-service
  namespace: baisupgrade
spec:
  license:
    accept: true
  operatorNamespace: baisupgrade
  servicesNamespace: baisupgrade
  size: small
  storageClass: csi-cephfs
status:
  bedrockOperators:
    - installPlanName: install-zn7cj
      name: ibm-iam-operator
      operatorStatus: Succeeded
      subscriptionStatus: Succeeded
      version: v4.5.8
    - installPlanName: install-zn7cj
      name: ibm-zen-operator
      operatorStatus: Succeeded
      subscriptionStatus: Succeeded
      version: v5.1.11
    - installPlanName: install-7dxpj
      name: ibm-events-operator
      operatorStatus: Succeeded
      subscriptionStatus: Succeeded
      version: v5.0.1
    - installPlanName: install-mg4mk
      name: cloud-native-postgresql
      operatorStatus: Succeeded
      subscriptionStatus: Succeeded
      version: v1.22.7
    - installPlanName: install-r9fl2
      name: ibm-bts-operator
      operatorStatus: Succeeded
      subscriptionStatus: Succeeded
      version: v3.35.1
    - installPlanName: install-wlthz
      name: ibm-elasticsearch-operator
      operatorStatus: Succeeded
      subscriptionStatus: Succeeded
      version: v1.1.2470
    - installPlanName: install-fv2h7
      name: ibm-opencontent-flink
      operatorStatus: Succeeded
      subscriptionStatus: Succeeded
      version: v2.0.4
  conditions:
    - lastTransitionTime: "2025-02-07T19:10:12Z"
      lastUpdateTime: "2025-02-07T19:10:12Z"
      message: reconciling CommonService CR.
      reason: StartReconciling
      status: "False"
      type: Reconciling
    - lastTransitionTime: "2025-02-07T19:25:20Z"
      lastUpdateTime: "2025-02-07T19:25:20Z"
      message: 'initializing/updating: waiting for OperandRegistry and OperandConfig to become ready.'
      reason: UpdatingResources
      status: "False"
      type: Pending
    - lastTransitionTime: "2025-02-07T19:25:47Z"
      lastUpdateTime: "2025-02-07T19:25:47Z"
      message: configuring CommonService CR.
      reason: Configuring
      status: "False"
      type: Reconciling
    - lastTransitionTime: "2025-02-07T19:25:48Z"
      lastUpdateTime: "2025-02-07T19:25:48Z"
      message: CommonService CR is ready.
      reason: ReconcileSucceeded
      status: "True"
      type: Ready
  configStatus:
    catalogName: ibm-cs-install-catalog-v4-6-9
    catalogNamespace: baisupgrade
    configurable: true
    operatorDeployed: true
    operatorNamespace: baisupgrade
    servicesDeployed: true
    servicesNamespace: baisupgrade
    topologyConfigurableCRs:
      - apiVersion: operator.ibm.com/v3
        kind: CommonService
        namespace: baisupgrade
        objectName: common-service
  overallStatus: Succeeded
  phase: Succeeded

pod/ibm-common-service-operator-5f84657648-dbw8n condition met
[DEBUG] ibm-common-service-operator pod is ready

Warning: resource commonservices/common-service is missing the kubectl.kubernetes.io/last-applied-configuration annotation which is required by oc apply. oc apply should only be used on resources created declaratively by either oc create --save-config or oc apply. The missing annotation will be patched automatically.
commonservice.operator.ibm.com/common-service configured
[✔] Successfully patched CommonService CR in baisupgrade
# Checking whether IBM Common Service operator exist...
[INFO] There is an ibm-common-service-operator Subscription already

# Updating ibm-common-service-operator-v4.6-ibm-cs-install-catalog-v4-6-9-baisupgrade in namesapce baisupgrade...
[INFO] v4.6 is less than v4.10
[INFO] catalogsource ibm-cs-install-catalog-v4-6-9 is different from ibm-cs-install-catalog-v4-10-0
[INFO] ibm-common-service-operator is ready for updating the subscription.
subscription.operators.coreos.com/ibm-common-service-operator-v4.6-ibm-cs-install-catalog-v4-6-9-baisupgrade configured
[✔] Successfully patched subscription ibm-common-service-operator in baisupgrade
[INFO] Waiting for operator ibm-common-service-operator to be upgraded
[DEBUG] oc get subscription.operators.coreos.com -l operators.coreos.com/ibm-common-service-operator.baisupgrade='' -n baisupgrade -o jsonpath='{.items[*].status.conditions}' -> 
[{"lastTransitionTime":"2025-02-10T17:33:21Z","message":"all available catalogsources are healthy","reason":"AllCatalogSourcesHealthy","status":"False","type":"CatalogSourcesUnhealthy"},{"lastTransitionTime":"2025-02-07T19:35:51Z","reason":"ReferencedInstallPlanNotFound","status":"True","type":"InstallPlanMissing"},{"reason":"UnpackingInProgress","status":"True","type":"BundleUnpacking"}]

[INFO] RETRYING: Waiting for operator ibm-common-service-operator to be upgraded (120 left)
[✔] Operator ibm-common-service-operator is upgraded to latest version in channel v4.10

[INFO] Waiting for operator ibm-common-service-operator CSV in namespace baisupgrade to be bound to Subscription
[✔] Operator ibm-common-service-operator CSV in namespace baisupgrade is bound to Subscription

[INFO] Waiting for operator ibm-common-service-operator in namespace baisupgrade to become available
[INFO] RETRYING: Waiting for operator ibm-common-service-operator in namespace baisupgrade to become available (50 left)
[INFO] RETRYING: Waiting for operator ibm-common-service-operator in namespace baisupgrade to become available (49 left)
[INFO] RETRYING: Waiting for operator ibm-common-service-operator in namespace baisupgrade to become available (48 left)
[INFO] RETRYING: Waiting for operator ibm-common-service-operator in namespace baisupgrade to become available (47 left)
[INFO] RETRYING: Waiting for operator ibm-common-service-operator in namespace baisupgrade to become available (46 left)
[✔] Operator ibm-common-service-operator in namespace baisupgrade is available

# Accepting license for commonservice common-service in namespace baisupgrade...
[✔] License accepted for commonservice common-service

[INFO] Waiting for operator ibm-odlm CSV in namespace baisupgrade to be bound to Subscription
[✔] Operator ibm-odlm CSV in namespace baisupgrade is bound to Subscription

[INFO] Waiting for operator operand-deployment-lifecycle-manager in namespace baisupgrade to become available
[✔] Operator operand-deployment-lifecycle-manager in namespace baisupgrade is available

[INFO] Waiting for CommonService CR common-service in baisupgrade to be ready
[INFO] RETRYING: Waiting for CommonService CR common-service in baisupgrade to be ready (100 left)
[INFO] RETRYING: Waiting for CommonService CR common-service in baisupgrade to be ready (99 left)
[✔] CommonService CR in baisupgrade is in Succeeded Phase

